// Jest Snapshot v1, https://goo.gl/fbAQLP

exports[`AlbumList should render the items correctly 1`] = `ReactWrapper {}`;
